../Core/Src/main.c:125:7:pulse_modulation	16	static
../Core/Src/main.c:131:7:convert_v_to_pwm	24	static
../Core/Src/main.c:142:5:main	152	static
../Core/Src/main.c:283:6:SystemClock_Config	72	static
../Core/Src/main.c:322:13:MX_TIM1_Init	56	static
../Core/Src/main.c:372:13:MX_TIM2_Init	56	static
../Core/Src/main.c:421:13:MX_TIM4_Init	64	static
../Core/Src/main.c:484:13:MX_USART2_UART_Init	8	static
../Core/Src/main.c:517:13:MX_GPIO_Init	40	static
../Core/Src/main.c:557:6:Error_Handler	4	static,ignoring_inline_asm
